Signal Extractor: Model loaded.

============================================================
INPUT: I saw a ghostly figure in the hallway that vanished when I approached....
CLASS: immaterial
CONFIDENCE: 0.65 (Moderate)
SIGNALS: {'material': False, 'environmental': False, 'immaterial': True, 'rule_bound': False, 'internal': False}
EVIDENCE: ['figure', 'vanished']

============================================================
INPUT: There were scratch marks on my arm and blood on the floor....
CLASS: material
CONFIDENCE: 0.6 (Moderate)
SIGNALS: {'material': True, 'environmental': False, 'immaterial': False, 'rule_bound': False, 'internal': False}
EVIDENCE: ['scratch marks', 'blood']

============================================================
INPUT: The door slammed shut and the temperature dropped suddenly....
CLASS: environmental
CONFIDENCE: 0.8 (High)
SIGNALS: {'material': False, 'environmental': True, 'immaterial': False, 'rule_bound': False, 'internal': False}
EVIDENCE: ['slamming', 'temperature change', 'door movement']

============================================================
INPUT: The ancient curse stated that anyone who enters must not look back....
CLASS: rule_bound
CONFIDENCE: 0.55 (Moderate)
SIGNALS: {'material': False, 'environmental': False, 'immaterial': False, 'rule_bound': True, 'internal': False}
EVIDENCE: ['curse', 'ancient', 'must not']

============================================================
INPUT: I kept dreaming about the same hallway, losing my mind slowly....
CLASS: internal
CONFIDENCE: 0.4 (Moderate)
SIGNALS: {'material': False, 'environmental': False, 'immaterial': False, 'rule_bound': False, 'internal': True}
EVIDENCE: ['dream', 'losing mind']
